{
    "follow": {
        "change_type": "removed",
        "value": false
    },
    "host": {
        "change_type": "unchanged",
        "value": "hexlet.io"
    },
    "proxy": {
        "change_type": "removed",
        "value": "123.234.53.22"
    },
    "timeout": {
        "change_type": "changed",
        "value": {
            "changed_from": 50,
            "changed_to": 20
        }
    },
    "verbose": {
        "change_type": "added",
        "value": true
    }
}